2026-06-03 00:00:01,875 [main] INFO  com.zaxxer.hikari.pool.HikariPool                  - HikariPool-1 - Added connection com.mysql.cj.jdbc.ConnectionImpl@722787b5
2026-06-03 00:00:01,878 [main] INFO  com.zaxxer.hikari.HikariDataSource                 - HikariPool-1 - Start completed.
2026-06-03 00:00:01,905 [main] INFO  o.hibernate.jpa.internal.util.LogHelper            - HHH000204: Processing PersistenceUnitInfo [name: default]
2026-06-03 00:00:01,933 [main] INFO  org.hibernate.Version                              - HHH000412: Hibernate ORM core version 6.6.5.Final
2026-06-03 00:00:01,952 [main] INFO  o.h.c.internal.RegionFactoryInitiator              - HHH000026: Second-level cache disabled
2026-06-03 00:00:02,082 [main] INFO  o.s.o.j.p.SpringPersistenceUnitInfo                - No LoadTimeWeaver setup: ignoring JPA class transformer
2026-06-03 00:00:02,153 [main] INFO  org.hibernate.orm.connections.pooling              - HHH10001005: Database info:
	Database JDBC URL [Connecting through datasource 'HikariDataSource (HikariPool-1)']
	Database driver: undefined/unknown
	Database version: 8.0.35
	Autocommit mode: undefined/unknown
	Isolation level: undefined/unknown
	Minimum pool size: undefined/unknown
	Maximum pool size: undefined/unknown
2026-06-03 00:00:02,906 [main] INFO  o.h.e.t.j.p.i.JtaPlatformInitiator                 - HHH000489: No JTA platform available (set 'hibernate.transaction.jta.platform' to enable JTA platform integration)
2026-06-03 00:00:02,908 [main] INFO  o.s.o.j.LocalContainerEntityManagerFactoryBean     - Initialized JPA EntityManagerFactory for persistence unit 'default'
2026-06-03 00:00:03,068 [main] INFO  o.s.d.j.r.query.QueryEnhancerFactory               - Hibernate is in classpath; If applicable, HQL parser will be used.
2026-06-03 00:00:03,549 [main] WARN  o.s.b.a.o.j.JpaBaseConfiguration$JpaWebConfiguration - spring.jpa.open-in-view is enabled by default. Therefore, database queries may be performed during view rendering. Explicitly configure spring.jpa.open-in-view to disable this warning
2026-06-03 00:00:03,744 [main] INFO  o.s.s.c.a.a.c.InitializeAuthenticationProviderBeanManagerConfigurer$InitializeAuthenticationProviderManagerConfigurer - Global AuthenticationManager configured with AuthenticationProvider bean with name authenticationProvider
2026-06-03 00:00:03,744 [main] WARN  o.s.s.c.a.a.c.InitializeUserDetailsBeanManagerConfigurer$InitializeUserDetailsManagerConfigurer - Global AuthenticationManager configured with an AuthenticationProvider bean. UserDetailsService beans will not be used by Spring Security for automatically configuring username/password login. Consider removing the AuthenticationProvider bean. Alternatively, consider using the UserDetailsService in a manually instantiated DaoAuthenticationProvider. If the current configuration is intentional, to turn off this warning, increase the logging level of 'org.springframework.security.config.annotation.authentication.configuration.InitializeUserDetailsBeanManagerConfigurer' to ERROR
2026-06-03 00:00:04,247 [main] INFO  o.s.b.a.w.s.WelcomePageHandlerMapping              - Adding welcome page: class path resource [public/index.html]
2026-06-03 00:00:04,710 [main] INFO  o.apache.coyote.http11.Http11NioProtocol           - Starting ProtocolHandler ["http-nio-22224"]
2026-06-03 00:00:04,722 [main] INFO  o.s.b.w.embedded.tomcat.TomcatWebServer            - Tomcat started on port 22224 (http) with context path '/'
2026-06-03 00:00:04,728 [main] INFO  c.e.s.java.server.JavaServerApplication            - Started JavaServerApplication in 8.674 seconds (process running for 9.003)
2026-06-03 00:00:04,729 [main] INFO  c.e.s.j.server.SystemApplicationListener           - org.springframework.boot.context.event.ApplicationReadyEvent[source=org.springframework.boot.SpringApplication@6e7302d]
2026-06-03 00:00:04,729 [main] INFO  c.e.s.j.server.SystemApplicationListener           - SystemInitStart
2026-06-03 00:00:04,890 [main] INFO  c.e.s.j.server.SystemApplicationListener           - systemInitEnd
2026-06-03 00:00:14,866 [http-nio-22224-exec-1] INFO  o.a.c.c.C.[Tomcat].[localhost].[/]                 - Initializing Spring DispatcherServlet 'dispatcherServlet'
2026-06-03 00:00:14,866 [http-nio-22224-exec-1] INFO  o.s.web.servlet.DispatcherServlet                  - Initializing Servlet 'dispatcherServlet'
2026-06-03 00:00:14,867 [http-nio-22224-exec-1] INFO  o.s.web.servlet.DispatcherServlet                  - Completed initialization in 1 ms
2026-06-03 00:00:15,414 [http-nio-22224-exec-3] INFO  c.e.s.j.s.c.JwtAuthenticationFilter                - /api/base/getDataBaseUserName,2022030001,2026-06-03 00:00:15,0.07
2026-06-03 00:00:15,668 [http-nio-22224-exec-2] INFO  c.e.s.j.s.c.JwtAuthenticationFilter                - /api/base/getMenuList,2022030001,2026-06-03 00:00:15,0.249
2026-06-03 00:00:24,907 [http-nio-22224-exec-4] INFO  c.e.s.j.s.c.JwtAuthenticationFilter                - /api/volunteer/getActivityList,2022030001,2026-06-03 00:00:24,0.098
2026-06-03 00:00:25,000 [http-nio-22224-exec-5] INFO  c.e.s.j.s.c.JwtAuthenticationFilter                - /api/volunteer/getStudentActivityList,2022030001,2026-06-03 00:00:24,0.087
2026-06-03 00:00:25,088 [http-nio-22224-exec-7] INFO  c.e.s.j.s.c.JwtAuthenticationFilter                - /api/volunteer/getActivityList,2022030001,2026-06-03 00:00:25,0.08
2026-06-03 00:00:25,163 [http-nio-22224-exec-6] INFO  c.e.s.j.s.c.JwtAuthenticationFilter                - /api/volunteer/getStudentActivityList,2022030001,2026-06-03 00:00:25,0.07
2026-06-03 00:00:28,683 [http-nio-22224-exec-4] INFO  c.e.s.j.s.c.JwtAuthenticationFilter                - /api/volunteer/getStudentActivityList,2022030001,2026-06-03 00:00:28,0.09
2026-06-03 00:00:28,777 [http-nio-22224-exec-5] INFO  c.e.s.j.s.c.JwtAuthenticationFilter                - /api/volunteer/getActivityList,2022030001,2026-06-03 00:00:28,0.083
2026-06-03 00:00:28,856 [http-nio-22224-exec-7] INFO  c.e.s.j.s.c.JwtAuthenticationFilter                - /api/volunteer/getStudentActivityList,2022030001,2026-06-03 00:00:28,0.074
2026-06-03 00:00:28,936 [http-nio-22224-exec-6] INFO  c.e.s.j.s.c.JwtAuthenticationFilter                - /api/volunteer/getStudentActivityList,2022030001,2026-06-03 00:00:28,0.074
2026-06-03 00:00:30,333 [http-nio-22224-exec-3] INFO  c.e.s.j.s.c.JwtAuthenticationFilter                - /api/volunteer/getStudentActivityList,2022030001,2026-06-03 00:00:30,0.084
2026-06-03 00:00:32,670 [http-nio-22224-exec-4] INFO  c.e.s.j.s.c.JwtAuthenticationFilter                - /api/volunteer/getStudentActivityList,2022030001,2026-06-03 00:00:32,0.103
2026-06-03 00:00:32,753 [http-nio-22224-exec-5] INFO  c.e.s.j.s.c.JwtAuthenticationFilter                - /api/volunteer/getStudentActivityList,2022030001,2026-06-03 00:00:32,0.078
2026-06-03 00:00:33,896 [http-nio-22224-exec-7] INFO  c.e.s.j.s.c.JwtAuthenticationFilter                - /api/volunteer/getStudentActivityList,2022030001,2026-06-03 00:00:33,0.1
2026-06-03 00:00:33,944 [http-nio-22224-exec-6] INFO  c.e.s.j.s.c.JwtAuthenticationFilter                - /api/volunteer/checkSignup,2022030001,2026-06-03 00:00:33,0.044
2026-06-03 00:00:35,575 [http-nio-22224-exec-3] INFO  c.e.s.j.s.c.JwtAuthenticationFilter                - /api/volunteer/checkSignup,2022030001,2026-06-03 00:00:35,0.047
2026-06-03 00:00:35,628 [http-nio-22224-exec-8] INFO  c.e.s.j.s.c.JwtAuthenticationFilter                - /api/volunteer/getStudentActivityList,2022030001,2026-06-03 00:00:35,0.047
2026-06-03 00:00:35,684 [http-nio-22224-exec-10] INFO  c.e.s.j.s.c.JwtAuthenticationFilter                - /api/volunteer/getStudentActivityList,2022030001,2026-06-03 00:00:35,0.051
2026-06-03 00:00:36,278 [http-nio-22224-exec-1] INFO  c.e.s.j.s.c.JwtAuthenticationFilter                - /api/volunteer/getStudentActivityList,2022030001,2026-06-03 00:00:36,0.113
2026-06-03 00:00:37,349 [http-nio-22224-exec-2] INFO  c.e.s.j.s.c.JwtAuthenticationFilter                - /api/volunteer/getStudentActivityList,2022030001,2026-06-03 00:00:37,0.103
2026-06-03 00:00:37,434 [http-nio-22224-exec-9] INFO  c.e.s.j.s.c.JwtAuthenticationFilter                - /api/volunteer/getStudentActivityList,2022030001,2026-06-03 00:00:37,0.08
2026-06-03 00:00:38,495 [http-nio-22224-exec-4] INFO  c.e.s.j.s.c.JwtAuthenticationFilter                - /api/volunteer/getStudentActivityList,2022030001,2026-06-03 00:00:38,0.108
2026-06-03 00:00:38,540 [http-nio-22224-exec-5] INFO  c.e.s.j.s.c.JwtAuthenticationFilter                - /api/volunteer/checkSignup,2022030001,2026-06-03 00:00:38,0.04
2026-06-03 00:00:52,345 [http-nio-22224-exec-6] INFO  c.e.s.j.s.c.JwtAuthenticationFilter                - /api/volunteer/checkSignup,2022030001,2026-06-03 00:00:52,0.06
2026-06-03 00:00:52,439 [http-nio-22224-exec-3] INFO  c.e.s.j.s.c.JwtAuthenticationFilter                - /api/volunteer/getStudentActivityList,2022030001,2026-06-03 00:00:52,0.089
2026-06-03 00:00:52,525 [http-nio-22224-exec-8] INFO  c.e.s.j.s.c.JwtAuthenticationFilter                - /api/volunteer/getStudentActivityList,2022030001,2026-06-03 00:00:52,0.081
2026-06-03 00:01:05,619 [http-nio-22224-exec-5] INFO  c.e.s.j.s.c.JwtAuthenticationFilter                - /api/volunteer/getStudentActivityList,2022030001,2026-06-03 00:01:05,0.107
2026-06-03 00:01:05,716 [http-nio-22224-exec-7] INFO  c.e.s.j.s.c.JwtAuthenticationFilter                - /api/volunteer/getActivityList,2022030001,2026-06-03 00:01:05,0.09
2026-06-03 00:01:05,799 [http-nio-22224-exec-6] INFO  c.e.s.j.s.c.JwtAuthenticationFilter                - /api/volunteer/getStudentActivityList,2022030001,2026-06-03 00:01:05,0.078
2026-06-03 00:08:22,409 [SpringApplicationShutdownHook] INFO  o.s.b.w.embedded.tomcat.GracefulShutdown           - Commencing graceful shutdown. Waiting for active requests to complete
2026-06-03 00:08:22,413 [tomcat-shutdown] INFO  o.s.b.w.embedded.tomcat.GracefulShutdown           - Graceful shutdown complete
2026-06-03 00:08:22,423 [SpringApplicationShutdownHook] INFO  o.s.o.j.LocalContainerEntityManagerFactoryBean     - Closing JPA EntityManagerFactory for persistence unit 'default'
2026-06-03 00:08:22,425 [SpringApplicationShutdownHook] INFO  com.zaxxer.hikari.HikariDataSource                 - HikariPool-1 - Shutdown initiated...
2026-06-03 00:08:22,428 [SpringApplicationShutdownHook] INFO  com.zaxxer.hikari.HikariDataSource                 - HikariPool-1 - Shutdown completed.
